install completed in 0s 36ms
> hvigor UP-TO-DATE :entry:default@CangjiePreBuild...  
> hvigor Disabled :entry:default@PreBuild... 
> hvigor UP-TO-DATE :entry:default@GenerateCangjieResource...  
> hvigor Finished :entry:default@GenerateTomlDependencies... after 4 ms 
> hvigor Finished :entry:SyncCangjieResource... after 1 ms 
> hvigor BUILD SUCCESSFUL in 1 s 449 ms 
> hvigor UP-TO-DATE :entry:default@CangjiePreBuild...  
> hvigor Disabled :entry:default@PreBuild... 
> hvigor Finished :entry:default@CreateModuleInfo... after 1 ms 
> hvigor UP-TO-DATE :entry:default@GenerateMetadata...  
> hvigor Finished :entry:default@ConfigureCmake... after 1 ms 
> hvigor UP-TO-DATE :entry:default@MergeProfile...  
> hvigor UP-TO-DATE :entry:default@CreateBuildProfile...  
> hvigor Finished :entry:default@PreCheckSyscap... after 1 ms 
> hvigor UP-TO-DATE :entry:default@GeneratePkgContextInfo...  
> hvigor Finished :entry:default@GeneratePkgSdkInfo... after 2 ms 
> hvigor Finished :entry:default@ProcessIntegratedHsp... after 2 ms 
> hvigor UP-TO-DATE :entry:default@GenerateCangjieResource...  
> hvigor Finished :entry:default@BuildNativeWithCmake... after 1 ms 
> hvigor UP-TO-DATE :entry:default@MakePackInfo...  
> hvigor Finished :entry:default@SyscapTransform... after 8 ms 
> hvigor UP-TO-DATE :entry:default@ProcessProfile...  
> hvigor UP-TO-DATE :entry:default@ProcessRouterMap...  
> hvigor UP-TO-DATE :entry:default@ProcessShareConfig...  
> hvigor Finished :entry:default@ProcessStartupConfig... after 1 ms 
> hvigor Finished :entry:default@BuildNativeWithNinja... after 1 ms 
> hvigor UP-TO-DATE :entry:default@ProcessResource...  
> hvigor UP-TO-DATE :entry:default@GenerateLoaderJson...  
> hvigor UP-TO-DATE :entry:default@CompileResource...  
> hvigor Finished :entry:default@CompileArkTS... after 3 ms 
> hvigor Finished :entry:default@BuildJS... after 1 ms 
> hvigor WARN: Warning: field 'profile.build.combined' in '.\cjpm.toml' is experimental, it is unstable and has some limitations, please refer to related documentation for more details
> hvigor WARN: Warning: field 'profile.build.combined' in '.\cjpm.toml' is experimental, it is unstable and has some limitations, please refer to related documentation for more details
> hvigor Finished :entry:default@CompileCangjie... after 863 ms 
> hvigor UP-TO-DATE :entry:default@ProcessLibs...  
> hvigor UP-TO-DATE :entry:default@MoveCangjieLibs...  
> hvigor Finished :entry:default@ProcessCangjieLibs... after 2 ms 
> hvigor UP-TO-DATE :entry:default@DoNativeStrip...  
> hvigor UP-TO-DATE :entry:default@AfterCompileCangjie...  
> hvigor UP-TO-DATE :entry:default@CacheNativeLibs...  
> hvigor UP-TO-DATE :entry:default@GeneratePkgModuleJson...  
> hvigor Finished :entry:default@ProcessCompiledResources... after 1 ms 
> hvigor UP-TO-DATE :entry:default@PackageHap...  
> hvigor Finished :entry:default@PackingCheck... after 4 ms 
> hvigor WARN: Will skip sign 'hos_hap'. No signingConfigs profile is configured in current project.
             If needed, configure the signingConfigs in D:\Kotlintranslate\room-db-with-koin-Harmony\build-profile.json5.
> hvigor Finished :entry:default@SignHap... after 1 ms 
> hvigor Finished :entry:default@CollectDebugSymbol... after 1 ms 
> hvigor Finished :entry:assembleHap... after 1 ms 
> hvigor BUILD SUCCESSFUL in 2 s 362 ms 
